[rtpsitusgacor.xyz/index.html]
[backblue.gif]
[fade.gif]
[index.html]
[ajax.googleapis.com/ajax/libs/jquery/3.5.1/jquery.min.js]
[maxcdn.bootstrapcdn.com/bootstrap/4.5.2/css/bootstrap.min.css]
[maxcdn.bootstrapcdn.com/bootstrap/4.5.2/js/bootstrap.min.js]
[rtpsitusgacor.xyz/css/slote1fc.css]
[cdn.ampproject.org/v0.js]
[cdn.ampproject.org/v0/amp-carousel-0.1.js]
[cdn.ampproject.org/v0/amp-sidebar-0.1.js]
[cdn.ampproject.org/v0/amp-anim-0.1.js]
[cdn.ampproject.org/v0/amp-iframe-0.1.js]
[cdn.ampproject.org/v0/amp-lightbox-0.1.js]
[maxcdn.bootstrapcdn.com/bootstrap/3.4.1/css/bootstrap.min.css]
[maxcdn.bootstrapcdn.com/bootstrap/3.4.1/js/bootstrap.min.js]
[maxcdn.bootstrapcdn.com/bootstrap/3.3.7/css/bootstrap.min.css]
[cdn.ampproject.org/v0/amp-install-serviceworker-0.1.js]
[cdn.ampproject.org/v0/amp-youtube-0.1.js]
[cdn.ampproject.org/v0/amp-accordion-0.1.js]
[rtpsitusgacor.xyz/Pragmatic.html]
[rtpslotsitus.com/assets/img/pragmatic.png]
[rtpsitusgacor.xyz/Habanero.html]
[rtpslotsitus.com/assets/img/habanero.png]
[rtpslotsitus.com/assets/img/microgaming.png]
[rtpsitusgacor.xyz/Microgaming.html]
[rtpsitusgacor.xyz/PGSoft.html]
[rtpslotsitus.com/assets/img/pgsoft.png]
[rtpsitusgacor.xyz/idnslot.html]
[rtpslotsitus.com/assets/img/idnslot.png]
[rtpsitusgacor.xyz/toptrend.html]
[rtpslotsitus.com/assets/img/toptrend.png]
[rtpsitusgacor.xyz/assets/PP/1.jpg]
[rtpsitusgacor.xyz/assets/PP/2.jpg]
[rtpsitusgacor.xyz/assets/PP/3.jpg]
[rtpsitusgacor.xyz/assets/PP/4.jpg]
[rtpsitusgacor.xyz/assets/PP/5.jpg]
[rtpsitusgacor.xyz/assets/PP/6.jpg]
[rtpsitusgacor.xyz/assets/PP/7.jpg]
[rtpsitusgacor.xyz/assets/PP/8.jpg]
[rtpsitusgacor.xyz/assets/PP/9.jpg]
[rtpsitusgacor.xyz/assets/PP/10.jpg]
[rtpsitusgacor.xyz/assets/PP/11.jpg]
[rtpsitusgacor.xyz/assets/PP/12.jpg]
[rtpsitusgacor.xyz/assets/PP/13.jpg]
[rtpsitusgacor.xyz/assets/PP/14.jpg]
[rtpsitusgacor.xyz/assets/PP/15.jpg]
[rtpsitusgacor.xyz/assets/PP/16.jpg]
[rtpsitusgacor.xyz/assets/PP/17.jpg]
[rtpsitusgacor.xyz/assets/PP/18.jpg]
[rtpsitusgacor.xyz/assets/PP/19.jpg]
[rtpsitusgacor.xyz/assets/PP/20.jpg]
[rtpsitusgacor.xyz/assets/PP/21.jpg]
[rtpsitusgacor.xyz/assets/PP/22.jpg]
[rtpsitusgacor.xyz/assets/PP/23.jpg]
[rtpsitusgacor.xyz/assets/PP/24.jpg]
[rtpsitusgacor.xyz/assets/PP/25.jpg]
[rtpsitusgacor.xyz/assets/PP/26.jpg]
[rtpsitusgacor.xyz/assets/PP/27.jpg]
[rtpsitusgacor.xyz/assets/PP/28.jpg]
[rtpsitusgacor.xyz/assets/PP/29.jpg]
[rtpsitusgacor.xyz/assets/PP/30.jpg]
[rtpsitusgacor.xyz/assets/PP/31.jpg]
[rtpsitusgacor.xyz/assets/PP/32.jpg]
[rtpsitusgacor.xyz/assets/PP/33.jpg]
[rtpsitusgacor.xyz/assets/PP/34.jpg]
[rtpsitusgacor.xyz/assets/PP/35.jpg]
[rtpsitusgacor.xyz/assets/PP/36.jpg]
[rtpsitusgacor.xyz/assets/PP/37.jpg]
[rtpsitusgacor.xyz/assets/PP/38.jpg]
[rtpsitusgacor.xyz/assets/PP/39.jpg]
[rtpsitusgacor.xyz/assets/PP/40.jpg]
[rtpsitusgacor.xyz/assets/PP/41.jpg]
[rtpsitusgacor.xyz/assets/PP/42.jpg]
[rtpsitusgacor.xyz/assets/PP/43.jpg]
[rtpsitusgacor.xyz/assets/PP/44.jpg]
[rtpsitusgacor.xyz/assets/PP/45.jpg]
[rtpsitusgacor.xyz/assets/PP/46.jpg]
[rtpsitusgacor.xyz/assets/PP/47.jpg]
[rtpsitusgacor.xyz/assets/PP/48.jpg]
[rtpsitusgacor.xyz/assets/PP/49.jpg]
[rtpsitusgacor.xyz/assets/PP/50.jpg]
[rtpsitusgacor.xyz/assets/PP/51.jpg]
[rtpsitusgacor.xyz/assets/PP/52.jpg]
[rtpsitusgacor.xyz/assets/PP/53.jpg]
[rtpsitusgacor.xyz/assets/PP/54.jpg]
[rtpsitusgacor.xyz/assets/PP/55.jpg]
[rtpsitusgacor.xyz/assets/PP/56.jpg]
[rtpsitusgacor.xyz/assets/PP/57.jpg]
[rtpsitusgacor.xyz/assets/PP/58.jpg]
[rtpsitusgacor.xyz/assets/PP/59.jpg]
[rtpsitusgacor.xyz/assets/PP/60.jpg]
[rtpsitusgacor.xyz/assets/PP/61.jpg]
[rtpsitusgacor.xyz/assets/PP/62.jpg]
[rtpsitusgacor.xyz/assets/PP/63.jpg]
[rtpsitusgacor.xyz/assets/PP/64.jpg]
[rtpsitusgacor.xyz/assets/PP/65.jpg]
[rtpsitusgacor.xyz/assets/PP/66.jpg]
[rtpsitusgacor.xyz/assets/PP/67.jpg]
[rtpsitusgacor.xyz/assets/PP/68.jpg]
[rtpsitusgacor.xyz/assets/PP/69.jpg]
[rtpsitusgacor.xyz/assets/PP/70.jpg]
[rtpsitusgacor.xyz/assets/PP/71.jpg]
[rtpsitusgacor.xyz/assets/PP/72.jpg]
[rtpsitusgacor.xyz/assets/PP/73.jpg]
[rtpsitusgacor.xyz/assets/PP/74.jpg]
[rtpsitusgacor.xyz/assets/PP/75.jpg]
[rtpsitusgacor.xyz/assets/PP/76.jpg]
[rtpsitusgacor.xyz/assets/PP/77.jpg]
[rtpsitusgacor.xyz/assets/PP/78.jpg]
[rtpsitusgacor.xyz/assets/PP/79.jpg]
[rtpsitusgacor.xyz/assets/PP/80.jpg]
[rtpsitusgacor.xyz/assets/PP/81.jpg]
[rtpsitusgacor.xyz/assets/PP/82.jpg]
[rtpsitusgacor.xyz/assets/PP/83.jpg]
[rtpsitusgacor.xyz/assets/PP/84.jpg]
[rtpsitusgacor.xyz/assets/PP/85.jpg]
[rtpsitusgacor.xyz/assets/PP/86.jpg]
[rtpsitusgacor.xyz/assets/PP/87.jpg]
[rtpsitusgacor.xyz/assets/PP/88.jpg]
[rtpsitusgacor.xyz/assets/PP/89.jpg]
[rtpsitusgacor.xyz/assets/PP/90.jpg]
[rtpsitusgacor.xyz/assets/PP/91.jpg]
[rtpsitusgacor.xyz/assets/PP/92.jpg]
[rtpsitusgacor.xyz/assets/PP/93.jpg]
[rtpsitusgacor.xyz/assets/PP/94.jpg]
[rtpsitusgacor.xyz/assets/PP/95.jpg]
[rtpsitusgacor.xyz/assets/PP/96.jpg]
[rtpsitusgacor.xyz/assets/PP/97.jpg]
[rtpsitusgacor.xyz/assets/PP/98.jpg]
[rtpsitusgacor.xyz/assets/PP/99.jpg]
[rtpsitusgacor.xyz/assets/PP/100.jpg]
[rtpsitusgacor.xyz/assets/PP/101.jpg]
[rtpsitusgacor.xyz/assets/PP/102.jpg]
[rtpsitusgacor.xyz/assets/PP/103.jpg]
[rtpsitusgacor.xyz/assets/PP/104.jpg]
[rtpsitusgacor.xyz/assets/PP/105.jpg]
[rtpsitusgacor.xyz/assets/PP/106.jpg]
[rtpsitusgacor.xyz/assets/PP/107.jpg]
[rtpsitusgacor.xyz/assets/PP/108.jpg]
[rtpsitusgacor.xyz/assets/PP/109.jpg]
[rtpsitusgacor.xyz/assets/PP/110.jpg]
[rtpsitusgacor.xyz/assets/PP/111.jpg]
[rtpsitusgacor.xyz/assets/PP/112.jpg]
[rtpsitusgacor.xyz/assets/PP/113.jpg]
[rtpsitusgacor.xyz/assets/PP/114.jpg]
[rtpsitusgacor.xyz/assets/PP/115.jpg]
[rtpsitusgacor.xyz/assets/PP/116.jpg]
[rtpsitusgacor.xyz/assets/PP/117.jpg]
[rtpsitusgacor.xyz/assets/PP/118.jpg]
[rtpsitusgacor.xyz/assets/PP/119.jpg]
[rtpsitusgacor.xyz/assets/PP/120.jpg]
[rtpsitusgacor.xyz/assets/PP/121.jpg]
[rtpsitusgacor.xyz/assets/PP/122.jpg]
[rtpsitusgacor.xyz/assets/PP/123.jpg]
[rtpsitusgacor.xyz/assets/PP/124.jpg]
[rtpsitusgacor.xyz/assets/PP/125.jpg]
[rtpsitusgacor.xyz/assets/PP/126.jpg]
[rtpsitusgacor.xyz/assets/PP/127.jpg]
[rtpsitusgacor.xyz/assets/PP/128.jpg]
[rtpsitusgacor.xyz/assets/PP/129.jpg]
[rtpsitusgacor.xyz/assets/PP/130.jpg]
[rtpsitusgacor.xyz/assets/PP/131.jpg]
[rtpsitusgacor.xyz/assets/PP/132.jpg]
[rtpsitusgacor.xyz/assets/PP/133.jpg]
[rtpsitusgacor.xyz/assets/PP/134.jpg]
[rtpsitusgacor.xyz/assets/PP/135.jpg]
[rtpsitusgacor.xyz/assets/PP/136.jpg]
[rtpsitusgacor.xyz/assets/PP/137.jpg]
[rtpsitusgacor.xyz/assets/PP/138.jpg]
[rtpsitusgacor.xyz/assets/PP/139.jpg]
[rtpsitusgacor.xyz/assets/PP/140.jpg]
[rtpsitusgacor.xyz/assets/PP/141.jpg]
[rtpsitusgacor.xyz/assets/PP/142.jpg]
[rtpsitusgacor.xyz/assets/PP/143.jpg]
[rtpsitusgacor.xyz/assets/PP/144.jpg]
[rtpsitusgacor.xyz/assets/PP/145.jpg]
[rtpsitusgacor.xyz/assets/PP/146.jpg]
[rtpsitusgacor.xyz/assets/PP/147.jpg]
[rtpsitusgacor.xyz/assets/PP/148.jpg]
[rtpsitusgacor.xyz/assets/PP/149.jpg]
[rtpsitusgacor.xyz/assets/PP/150.jpg]
[rtpsitusgacor.xyz/assets/PP/151.jpg]
[rtpsitusgacor.xyz/assets/PP/152.jpg]
[rtpsitusgacor.xyz/assets/PP/153.jpg]
[rtpsitusgacor.xyz/assets/PP/154.jpg]
[rtpsitusgacor.xyz/assets/PP/155.jpg]
[rtpsitusgacor.xyz/assets/PP/156.jpg]
[rtpsitusgacor.xyz/assets/PP/157.jpg]
[rtpsitusgacor.xyz/assets/PP/158.jpg]
[rtpsitusgacor.xyz/assets/PP/159.jpg]
[rtpsitusgacor.xyz/assets/PP/160.jpg]
[rtpsitusgacor.xyz/assets/PP/161.jpg]
[rtpsitusgacor.xyz/assets/PP/162.jpg]
[rtpsitusgacor.xyz/assets/PP/163.jpg]
[rtpsitusgacor.xyz/assets/PP/164.jpg]
[rtpsitusgacor.xyz/assets/PP/165.jpg]
[rtpsitusgacor.xyz/assets/PP/166.jpg]
[rtpsitusgacor.xyz/assets/PP/167.jpg]
[rtpsitusgacor.xyz/assets/PP/168.jpg]
[rtpsitusgacor.xyz/assets/PP/169.jpg]
[rtpsitusgacor.xyz/assets/PP/170.jpg]
[rtpsitusgacor.xyz/assets/PP/171.jpg]
[rtpsitusgacor.xyz/assets/PP/172.jpg]
[rtpsitusgacor.xyz/assets/PP/173.jpg]
[rtpsitusgacor.xyz/assets/PP/174.jpg]
[rtpsitusgacor.xyz/assets/PP/175.jpg]
[rtpsitusgacor.xyz/assets/PP/176.jpg]
[rtpsitusgacor.xyz/assets/PP/177.jpg]
[rtpsitusgacor.xyz/assets/PP/178.jpg]
[rtpsitusgacor.xyz/assets/PP/179.jpg]
[rtpsitusgacor.xyz/assets/PP/180.jpg]
[rtpsitusgacor.xyz/assets/PP/181.jpg]
[rtpsitusgacor.xyz/assets/PP/182.jpg]
[rtpsitusgacor.xyz/assets/PP/183.jpg]
[rtpsitusgacor.xyz/assets/PP/184.jpg]
[rtpsitusgacor.xyz/assets/PP/185.jpg]
[rtpsitusgacor.xyz/assets/PP/186.jpg]
[rtpsitusgacor.xyz/assets/PP/187.jpg]
[rtpsitusgacor.xyz/assets/PP/188.jpg]
[rtpsitusgacor.xyz/assets/PP/189.jpg]
[rtpsitusgacor.xyz/assets/PP/190.jpg]
[rtpsitusgacor.xyz/assets/PP/191.jpg]
[rtpsitusgacor.xyz/assets/PP/192.jpg]
[rtpsitusgacor.xyz/assets/PP/193.jpg]
[rtpsitusgacor.xyz/assets/PP/194.jpg]
[rtpsitusgacor.xyz/assets/PP/195.jpg]
[rtpsitusgacor.xyz/assets/PP/196.jpg]
[rtpsitusgacor.xyz/assets/PP/197.jpg]
[rtpsitusgacor.xyz/assets/PP/198.jpg]
[rtpsitusgacor.xyz/assets/PP/199.jpg]
[rtpsitusgacor.xyz/assets/PP/200.jpg]
[cdn.livechatinc.com/tracking.js]
[rtpsitusgacor.xyz/js/Pragmatic11ed.js]
[rtpsitusgacor.xyz/js/slide.js]
[rtpsitusgacor.xyz/index.html]
[maxcdn.bootstrapcdn.com/bootstrap/4.5.2/css/bootstrap.min.css]
[rtpsitusgacor.xyz/assets/pp.webp]
[rtpsitusgacor.xyz/assets/habanero.webp]
[rtpsitusgacor.xyz/assets/idn.png]
[rtpsitusgacor.xyz/assets/sbocq9.png]
[rtpsitusgacor.xyz/assets/playngo.png]
[rtpsitusgacor.xyz/assets/onetouch.png]
[rtpsitusgacor.xyz/assets/yggdrasil.png]
[rtpsitusgacor.xyz/assets/pgsoft.webp]
[rtpsitusgacor.xyz/assets/pgs.png]
[rtpsitusgacor.xyz/assets/joker.png]
[rtpsitusgacor.xyz/assets/advantplay.png]
[rtpsitusgacor.xyz/assets/microgaming.webp]
[rtpsitusgacor.xyz/assets/live22.png]
[rtpsitusgacor.xyz/assets/slot88.png]
[rtpsitusgacor.xyz/assets/spadegaming.png]
[rtpsitusgacor.xyz/assets/gamatron.png]
[rtpsitusgacor.xyz/assets/jdb.png]
[rtpsitusgacor.xyz/assets/playtech.png]
[rtpsitusgacor.xyz/assets/sborealtimegaming.png]
[rtpsitusgacor.xyz/assets/sboflowgaming.png]
[rtpsitusgacor.xyz/assets/iconicgaming.png]
[rtpsitusgacor.xyz/css/slote1fc.css]
[maxcdn.bootstrapcdn.com/bootstrap/3.4.1/css/bootstrap.min.css]
[maxcdn.bootstrapcdn.com/bootstrap/3.3.7/css/bootstrap.min.css]
[rtpsitusgacor.xyz/fonts/Lato-Regular.html]
[rtpsitusgacor.xyz/fonts/Lato-Regular-2.html]
[rtpsitusgacor.xyz/fonts/digital_sans_ef_medium.html]
[rtpsitusgacor.xyz/fonts/digital_sans_ef_medium-2.html]
[rtpsitusgacor.xyz/Pragmatic.html]
[i.ibb.co/Cbw9kjw/btn-close.gif]
[rtpsitusgacor.xyz/Habanero.html]
[rtpsitusgacor.xyz/assets/MG/21.jpg]
[rtpsitusgacor.xyz/assets/MG/22.jpg]
[rtpsitusgacor.xyz/assets/MG/23.jpg]
[rtpsitusgacor.xyz/assets/MG/24.jpg]
[rtpsitusgacor.xyz/assets/MG/25.jpg]
[rtpsitusgacor.xyz/assets/MG/16.jpg]
[rtpsitusgacor.xyz/assets/MG/17.jpg]
[rtpsitusgacor.xyz/assets/MG/18.jpg]
[rtpsitusgacor.xyz/assets/MG/19.jpg]
[rtpsitusgacor.xyz/assets/MG/20.jpg]
[rtpsitusgacor.xyz/assets/MG/11.jpg]
[rtpsitusgacor.xyz/assets/MG/12.jpg]
[rtpsitusgacor.xyz/assets/MG/13.jpg]
[rtpsitusgacor.xyz/assets/MG/14.jpg]
[rtpsitusgacor.xyz/assets/MG/15.jpg]
[rtpsitusgacor.xyz/assets/MG/6.jpg]
[rtpsitusgacor.xyz/assets/MG/7.jpg]
[rtpsitusgacor.xyz/assets/MG/8.jpg]
[rtpsitusgacor.xyz/assets/MG/9.jpg]
[rtpsitusgacor.xyz/assets/MG/10.jpg]
[rtpsitusgacor.xyz/assets/MG/1.jpg]
[rtpsitusgacor.xyz/assets/MG/2.jpg]
[rtpsitusgacor.xyz/assets/MG/3.jpg]
[rtpsitusgacor.xyz/assets/MG/4.jpg]
[rtpsitusgacor.xyz/assets/MG/5.jpg]
[rtpsitusgacor.xyz/assets/MG/26.jpg]
[rtpsitusgacor.xyz/assets/MG/27.jpg]
[rtpsitusgacor.xyz/assets/MG/28.jpg]
[rtpsitusgacor.xyz/assets/MG/29.jpg]
[rtpsitusgacor.xyz/assets/MG/30.jpg]
[rtpsitusgacor.xyz/assets/MG/31.jpg]
[rtpsitusgacor.xyz/assets/MG/32.jpg]
[rtpsitusgacor.xyz/assets/MG/33.jpg]
[rtpsitusgacor.xyz/assets/MG/34.jpg]
[rtpsitusgacor.xyz/assets/MG/35.jpg]
[rtpsitusgacor.xyz/assets/MG/36.jpg]
[rtpsitusgacor.xyz/assets/MG/37.jpg]
[rtpsitusgacor.xyz/assets/MG/38.jpg]
[rtpsitusgacor.xyz/assets/MG/39.jpg]
[rtpsitusgacor.xyz/assets/MG/40.jpg]
[rtpsitusgacor.xyz/assets/MG/111.jpg]
[rtpsitusgacor.xyz/assets/MG/112.jpg]
[rtpsitusgacor.xyz/assets/MG/113.jpg]
[rtpsitusgacor.xyz/assets/MG/114.jpg]
[rtpsitusgacor.xyz/assets/MG/115.jpg]
[rtpsitusgacor.xyz/assets/MG/116.jpg]
[rtpsitusgacor.xyz/assets/MG/117.jpg]
[rtpsitusgacor.xyz/assets/MG/118.jpg]
[rtpsitusgacor.xyz/assets/MG/119.jpg]
[rtpsitusgacor.xyz/assets/MG/120.jpg]
[rtpsitusgacor.xyz/assets/MG/41.jpg]
[rtpsitusgacor.xyz/assets/MG/42.jpg]
[rtpsitusgacor.xyz/assets/MG/43.jpg]
[rtpsitusgacor.xyz/assets/MG/44.jpg]
[rtpsitusgacor.xyz/assets/MG/45.jpg]
[rtpsitusgacor.xyz/assets/MG/46.jpg]
[rtpsitusgacor.xyz/assets/MG/47.jpg]
[rtpsitusgacor.xyz/assets/MG/48.jpg]
[rtpsitusgacor.xyz/assets/MG/49.jpg]
[rtpsitusgacor.xyz/assets/MG/50.jpg]
[rtpsitusgacor.xyz/assets/MG/131.jpg]
[rtpsitusgacor.xyz/assets/MG/132.jpg]
[rtpsitusgacor.xyz/assets/MG/133.jpg]
[rtpsitusgacor.xyz/assets/MG/134.jpg]
[rtpsitusgacor.xyz/assets/MG/135.jpg]
[rtpsitusgacor.xyz/assets/MG/136.jpg]
[rtpsitusgacor.xyz/assets/MG/137.jpg]
[rtpsitusgacor.xyz/assets/MG/138.jpg]
[rtpsitusgacor.xyz/assets/MG/139.jpg]
[rtpsitusgacor.xyz/assets/MG/140.jpg]
[rtpsitusgacor.xyz/assets/MG/141.jpg]
[rtpsitusgacor.xyz/assets/MG/142.jpg]
[rtpsitusgacor.xyz/assets/MG/143.jpg]
[rtpsitusgacor.xyz/assets/MG/144.jpg]
[rtpsitusgacor.xyz/assets/MG/145.jpg]
[rtpsitusgacor.xyz/assets/MG/146.jpg]
[rtpsitusgacor.xyz/assets/MG/147.jpg]
[rtpsitusgacor.xyz/assets/MG/148.jpg]
[rtpsitusgacor.xyz/assets/MG/149.jpg]
[rtpsitusgacor.xyz/assets/MG/150.jpg]
[rtpsitusgacor.xyz/assets/MG/51.jpg]
[rtpsitusgacor.xyz/assets/MG/52.jpg]
[rtpsitusgacor.xyz/assets/MG/53.jpg]
[rtpsitusgacor.xyz/assets/MG/54.jpg]
[rtpsitusgacor.xyz/assets/MG/55.jpg]
[rtpsitusgacor.xyz/assets/MG/56.jpg]
[rtpsitusgacor.xyz/assets/MG/57.jpg]
[rtpsitusgacor.xyz/assets/MG/58.jpg]
[rtpsitusgacor.xyz/assets/MG/59.jpg]
[rtpsitusgacor.xyz/assets/MG/60.jpg]
[rtpsitusgacor.xyz/assets/MG/61.jpg]
[rtpsitusgacor.xyz/assets/MG/62.jpg]
[rtpsitusgacor.xyz/assets/MG/63.jpg]
[rtpsitusgacor.xyz/assets/MG/64.jpg]
[rtpsitusgacor.xyz/assets/MG/65.jpg]
[rtpsitusgacor.xyz/assets/MG/66.jpg]
[rtpsitusgacor.xyz/assets/MG/67.jpg]
[rtpsitusgacor.xyz/assets/MG/68.jpg]
[rtpsitusgacor.xyz/assets/MG/69.jpg]
[rtpsitusgacor.xyz/assets/MG/70.jpg]
[rtpsitusgacor.xyz/assets/MG/71.jpg]
[rtpsitusgacor.xyz/assets/MG/72.jpg]
[rtpsitusgacor.xyz/assets/MG/73.jpg]
[rtpsitusgacor.xyz/assets/MG/74.jpg]
[rtpsitusgacor.xyz/assets/MG/75.jpg]
[rtpsitusgacor.xyz/assets/MG/76.jpg]
[rtpsitusgacor.xyz/assets/MG/77.jpg]
[rtpsitusgacor.xyz/assets/MG/78.jpg]
[rtpsitusgacor.xyz/assets/MG/79.jpg]
[rtpsitusgacor.xyz/assets/MG/80.jpg]
[rtpsitusgacor.xyz/assets/MG/81.jpg]
[rtpsitusgacor.xyz/assets/MG/82.jpg]
[rtpsitusgacor.xyz/assets/MG/83.jpg]
[rtpsitusgacor.xyz/assets/MG/84.jpg]
[rtpsitusgacor.xyz/assets/MG/85.jpg]
[rtpsitusgacor.xyz/assets/MG/86.jpg]
[rtpsitusgacor.xyz/assets/MG/87.jpg]
[rtpsitusgacor.xyz/assets/MG/88.jpg]
[rtpsitusgacor.xyz/assets/MG/89.jpg]
[rtpsitusgacor.xyz/assets/MG/90.jpg]
[rtpsitusgacor.xyz/assets/MG/91.jpg]
[rtpsitusgacor.xyz/assets/MG/92.jpg]
[rtpsitusgacor.xyz/assets/MG/93.jpg]
[rtpsitusgacor.xyz/assets/MG/94.jpg]
[rtpsitusgacor.xyz/assets/MG/95.jpg]
[rtpsitusgacor.xyz/assets/MG/96.jpg]
[rtpsitusgacor.xyz/assets/MG/97.jpg]
[rtpsitusgacor.xyz/assets/MG/98.jpg]
[rtpsitusgacor.xyz/assets/MG/99.jpg]
[rtpsitusgacor.xyz/assets/MG/100.jpg]
[rtpsitusgacor.xyz/assets/MG/101.jpg]
[rtpsitusgacor.xyz/assets/MG/102.jpg]
[rtpsitusgacor.xyz/assets/MG/103.jpg]
[rtpsitusgacor.xyz/assets/MG/104.jpg]
[rtpsitusgacor.xyz/assets/MG/105.jpg]
[rtpsitusgacor.xyz/assets/MG/106.jpg]
[rtpsitusgacor.xyz/assets/MG/107.jpg]
[rtpsitusgacor.xyz/assets/MG/108.jpg]
[rtpsitusgacor.xyz/assets/MG/109.jpg]
[rtpsitusgacor.xyz/assets/MG/110.jpg]
[rtpsitusgacor.xyz/assets/MG/191.jpg]
[rtpsitusgacor.xyz/assets/MG/192.jpg]
[rtpsitusgacor.xyz/assets/MG/193.jpg]
[rtpsitusgacor.xyz/assets/MG/194.jpg]
[rtpsitusgacor.xyz/assets/MG/195.jpg]
[rtpsitusgacor.xyz/assets/MG/196.jpg]
[rtpsitusgacor.xyz/assets/MG/197.jpg]
[rtpsitusgacor.xyz/assets/MG/198.jpg]
[rtpsitusgacor.xyz/assets/MG/199.jpg]
[rtpsitusgacor.xyz/assets/MG/200.jpg]
[rtpsitusgacor.xyz/assets/MG/121.jpg]
[rtpsitusgacor.xyz/assets/MG/122.jpg]
[rtpsitusgacor.xyz/assets/MG/123.jpg]
[rtpsitusgacor.xyz/assets/MG/124.jpg]
[rtpsitusgacor.xyz/assets/MG/125.jpg]
[rtpsitusgacor.xyz/assets/MG/126.jpg]
[rtpsitusgacor.xyz/assets/MG/127.jpg]
[rtpsitusgacor.xyz/assets/MG/128.jpg]
[rtpsitusgacor.xyz/assets/MG/129.jpg]
[rtpsitusgacor.xyz/assets/MG/130.jpg]
[rtpsitusgacor.xyz/assets/MG/151.jpg]
[rtpsitusgacor.xyz/assets/MG/152.jpg]
[rtpsitusgacor.xyz/assets/MG/153.jpg]
[rtpsitusgacor.xyz/assets/MG/154.jpg]
[rtpsitusgacor.xyz/assets/MG/155.jpg]
[rtpsitusgacor.xyz/assets/MG/156.jpg]
[rtpsitusgacor.xyz/assets/MG/157.jpg]
[rtpsitusgacor.xyz/assets/MG/158.jpg]
[rtpsitusgacor.xyz/assets/MG/159.jpg]
[rtpsitusgacor.xyz/assets/MG/160.jpg]
[rtpsitusgacor.xyz/assets/MG/161.jpg]
[rtpsitusgacor.xyz/assets/MG/162.jpg]
[rtpsitusgacor.xyz/assets/MG/163.jpg]
[rtpsitusgacor.xyz/assets/MG/164.jpg]
[rtpsitusgacor.xyz/assets/MG/165.jpg]
[rtpsitusgacor.xyz/assets/MG/166.jpg]
[rtpsitusgacor.xyz/assets/MG/167.jpg]
[rtpsitusgacor.xyz/assets/MG/168.jpg]
[rtpsitusgacor.xyz/assets/MG/169.jpg]
[rtpsitusgacor.xyz/assets/MG/170.jpg]
[rtpsitusgacor.xyz/assets/MG/171.jpg]
[rtpsitusgacor.xyz/assets/MG/172.jpg]
[rtpsitusgacor.xyz/assets/MG/173.jpg]
[rtpsitusgacor.xyz/assets/MG/174.jpg]
[rtpsitusgacor.xyz/assets/MG/175.jpg]
[rtpsitusgacor.xyz/assets/MG/176.jpg]
[rtpsitusgacor.xyz/assets/MG/177.jpg]
[rtpsitusgacor.xyz/assets/MG/178.jpg]
[rtpsitusgacor.xyz/assets/MG/179.jpg]
[rtpsitusgacor.xyz/assets/MG/180.jpg]
[rtpsitusgacor.xyz/assets/MG/181.jpg]
[rtpsitusgacor.xyz/assets/MG/182.jpg]
[rtpsitusgacor.xyz/assets/MG/183.jpg]
[rtpsitusgacor.xyz/assets/MG/184.jpg]
[rtpsitusgacor.xyz/assets/MG/185.jpg]
[rtpsitusgacor.xyz/assets/MG/186.jpg]
[rtpsitusgacor.xyz/assets/MG/187.jpg]
[rtpsitusgacor.xyz/assets/MG/188.jpg]
[rtpsitusgacor.xyz/assets/MG/189.jpg]
[rtpsitusgacor.xyz/Microgaming.html]
[rtpsitusgacor.xyz/assets/PG/1.jpg]
[rtpsitusgacor.xyz/assets/PG/2.jpg]
[rtpsitusgacor.xyz/assets/PG/3.jpg]
[rtpsitusgacor.xyz/assets/PG/4.jpg]
[rtpsitusgacor.xyz/assets/PG/5.jpg]
[rtpsitusgacor.xyz/assets/PG/6.jpg]
[rtpsitusgacor.xyz/assets/PG/7.jpg]
[rtpsitusgacor.xyz/assets/PG/8.jpg]
[rtpsitusgacor.xyz/assets/PG/9.jpg]
[rtpsitusgacor.xyz/assets/PG/10.jpg]
[rtpsitusgacor.xyz/assets/PG/11.jpg]
[rtpsitusgacor.xyz/assets/PG/12.jpg]
[rtpsitusgacor.xyz/assets/PG/13.jpg]
[rtpsitusgacor.xyz/assets/PG/14.jpg]
[rtpsitusgacor.xyz/assets/PG/15.jpg]
[rtpsitusgacor.xyz/assets/PG/16.jpg]
[rtpsitusgacor.xyz/assets/PG/17.jpg]
[rtpsitusgacor.xyz/assets/PG/18.jpg]
[rtpsitusgacor.xyz/assets/PG/19.jpg]
[rtpsitusgacor.xyz/assets/PG/20.jpg]
[rtpsitusgacor.xyz/assets/PG/21.jpg]
[rtpsitusgacor.xyz/assets/PG/22.jpg]
[rtpsitusgacor.xyz/assets/PG/23.jpg]
[rtpsitusgacor.xyz/assets/PG/24.jpg]
[rtpsitusgacor.xyz/assets/PG/25.jpg]
[rtpsitusgacor.xyz/assets/PG/26.jpg]
[rtpsitusgacor.xyz/assets/PG/27.jpg]
[rtpsitusgacor.xyz/assets/PG/28.jpg]
[rtpsitusgacor.xyz/assets/PG/29.jpg]
[rtpsitusgacor.xyz/assets/PG/30.jpg]
[rtpsitusgacor.xyz/assets/PG/31.jpg]
[rtpsitusgacor.xyz/assets/PG/32.jpg]
[rtpsitusgacor.xyz/assets/PG/33.jpg]
[rtpsitusgacor.xyz/assets/PG/34.jpg]
[rtpsitusgacor.xyz/assets/PG/35.jpg]
[rtpsitusgacor.xyz/assets/PG/36.jpg]
[rtpsitusgacor.xyz/assets/PG/37.jpg]
[rtpsitusgacor.xyz/assets/PG/38.jpg]
[rtpsitusgacor.xyz/assets/PG/39.jpg]
[rtpsitusgacor.xyz/assets/PG/40.jpg]
[rtpsitusgacor.xyz/assets/PG/41.jpg]
[rtpsitusgacor.xyz/assets/PG/42.jpg]
[rtpsitusgacor.xyz/assets/PG/43.jpg]
[rtpsitusgacor.xyz/assets/PG/44.jpg]
[rtpsitusgacor.xyz/assets/PG/45.jpg]
[rtpsitusgacor.xyz/assets/PG/46.jpg]
[rtpsitusgacor.xyz/assets/PG/47.jpg]
[rtpsitusgacor.xyz/assets/PG/48.jpg]
[rtpsitusgacor.xyz/assets/PG/49.jpg]
[rtpsitusgacor.xyz/assets/PG/50.jpg]
[rtpsitusgacor.xyz/assets/PG/51.jpg]
[rtpsitusgacor.xyz/assets/PG/52.jpg]
[rtpsitusgacor.xyz/assets/PG/53.jpg]
[rtpsitusgacor.xyz/assets/PG/54.jpg]
[rtpsitusgacor.xyz/assets/PG/55.jpg]
[rtpsitusgacor.xyz/assets/PG/56.jpg]
[rtpsitusgacor.xyz/assets/PG/57.jpg]
[rtpsitusgacor.xyz/assets/PG/58.jpg]
[rtpsitusgacor.xyz/assets/PG/59.jpg]
[rtpsitusgacor.xyz/assets/PG/60.jpg]
[rtpsitusgacor.xyz/assets/PG/61.jpg]
[rtpsitusgacor.xyz/assets/PG/62.jpg]
[rtpsitusgacor.xyz/assets/PG/63.jpg]
[rtpsitusgacor.xyz/assets/PG/64.jpg]
[rtpsitusgacor.xyz/assets/PG/65.jpg]
[rtpsitusgacor.xyz/assets/PG/66.jpg]
[rtpsitusgacor.xyz/assets/PG/67.jpg]
[rtpsitusgacor.xyz/assets/PG/68.jpg]
[rtpsitusgacor.xyz/assets/PG/69.jpg]
[rtpsitusgacor.xyz/assets/PG/70.jpg]
[rtpsitusgacor.xyz/assets/PG/71.jpg]
[rtpsitusgacor.xyz/assets/PG/72.jpg]
[rtpsitusgacor.xyz/assets/PG/73.jpg]
[rtpsitusgacor.xyz/assets/PG/74.jpg]
[rtpsitusgacor.xyz/assets/PG/75.jpg]
[rtpsitusgacor.xyz/assets/PG/76.jpg]
[rtpsitusgacor.xyz/assets/PG/77.jpg]
[rtpsitusgacor.xyz/assets/PG/78.jpg]
[rtpsitusgacor.xyz/assets/PG/79.jpg]
[rtpsitusgacor.xyz/assets/PG/80.jpg]
[rtpsitusgacor.xyz/assets/PG/81.jpg]
[rtpsitusgacor.xyz/assets/PG/82.jpg]
[rtpsitusgacor.xyz/assets/PG/83.jpg]
[rtpsitusgacor.xyz/assets/PG/84.jpg]
[rtpsitusgacor.xyz/assets/PG/85.jpg]
[rtpsitusgacor.xyz/assets/PG/86.jpg]
[rtpsitusgacor.xyz/assets/PG/87.jpg]
[rtpsitusgacor.xyz/PGSoft.html]
[rtpsitusgacor.xyz/assets/idnslot/4.jpg]
[rtpsitusgacor.xyz/assets/idnslot/5.jpg]
[rtpsitusgacor.xyz/assets/idnslot/6.jpg]
[rtpsitusgacor.xyz/assets/idnslot/1.jpg]
[rtpsitusgacor.xyz/assets/idnslot/2.jpg]
[rtpsitusgacor.xyz/assets/idnslot/3.jpg]
[rtpsitusgacor.xyz/assets/idnslot/7.jpg]
[rtpsitusgacor.xyz/assets/idnslot/8.jpg]
[rtpsitusgacor.xyz/assets/idnslot/9.jpg]
[rtpsitusgacor.xyz/assets/idnslot/10.jpg]
[rtpsitusgacor.xyz/assets/idnslot/11.jpg]
[rtpsitusgacor.xyz/assets/idnslot/12.jpg]
[rtpsitusgacor.xyz/assets/idnslot/13.jpg]
[rtpsitusgacor.xyz/assets/idnslot/14.jpg]
[rtpsitusgacor.xyz/assets/idnslot/15.jpg]
[rtpsitusgacor.xyz/assets/idnslot/16.jpg]
[rtpsitusgacor.xyz/assets/idnslot/17.jpg]
[rtpsitusgacor.xyz/assets/idnslot/18.jpg]
[rtpsitusgacor.xyz/assets/idnslot/19.jpg]
[rtpsitusgacor.xyz/assets/idnslot/20.jpg]
[rtpsitusgacor.xyz/assets/idnslot/21.jpg]
[rtpsitusgacor.xyz/assets/idnslot/22.jpg]
[rtpsitusgacor.xyz/assets/idnslot/23.jpg]
[rtpsitusgacor.xyz/assets/idnslot/24.jpg]
[rtpsitusgacor.xyz/assets/idnslot/25.jpg]
[rtpsitusgacor.xyz/assets/idnslot/26.jpg]
[rtpsitusgacor.xyz/assets/idnslot/27.jpg]
[rtpsitusgacor.xyz/assets/idnslot/28.jpg]
[rtpsitusgacor.xyz/assets/idnslot/29.jpg]
[rtpsitusgacor.xyz/assets/idnslot/30.jpg]
[rtpsitusgacor.xyz/assets/idnslot/31.jpg]
[rtpsitusgacor.xyz/assets/idnslot/32.jpg]
[rtpsitusgacor.xyz/assets/idnslot/33.jpg]
[rtpsitusgacor.xyz/assets/idnslot/34.jpg]
[rtpsitusgacor.xyz/assets/idnslot/35.jpg]
[rtpsitusgacor.xyz/assets/idnslot/36.jpg]
[rtpsitusgacor.xyz/assets/idnslot/37.jpg]
[rtpsitusgacor.xyz/assets/idnslot/56.jpg]
[rtpsitusgacor.xyz/assets/idnslot/57.jpg]
[rtpsitusgacor.xyz/assets/idnslot/58.jpg]
[rtpsitusgacor.xyz/assets/idnslot/59.jpg]
[rtpsitusgacor.xyz/assets/idnslot/60.jpg]
[rtpsitusgacor.xyz/assets/idnslot/61.jpg]
[rtpsitusgacor.xyz/assets/idnslot/62.jpg]
[rtpsitusgacor.xyz/assets/idnslot/63.jpg]
[rtpsitusgacor.xyz/assets/idnslot/64.jpg]
[rtpsitusgacor.xyz/assets/idnslot/65.jpg]
[rtpsitusgacor.xyz/assets/idnslot/38.jpg]
[rtpsitusgacor.xyz/assets/idnslot/39.jpg]
[rtpsitusgacor.xyz/assets/idnslot/40.jpg]
[rtpsitusgacor.xyz/assets/idnslot/41.jpg]
[rtpsitusgacor.xyz/assets/idnslot/42.jpg]
[rtpsitusgacor.xyz/assets/idnslot/43.jpg]
[rtpsitusgacor.xyz/assets/idnslot/44.jpg]
[rtpsitusgacor.xyz/assets/idnslot/45.jpg]
[rtpsitusgacor.xyz/assets/idnslot/46.jpg]
[rtpsitusgacor.xyz/assets/idnslot/47.jpg]
[rtpsitusgacor.xyz/assets/idnslot/48.jpg]
[rtpsitusgacor.xyz/assets/idnslot/49.jpg]
[rtpsitusgacor.xyz/assets/idnslot/50.jpg]
[rtpsitusgacor.xyz/assets/idnslot/51.jpg]
[rtpsitusgacor.xyz/assets/idnslot/52.jpg]
[rtpsitusgacor.xyz/assets/idnslot/53.jpg]
[rtpsitusgacor.xyz/assets/idnslot/54.jpg]
[rtpsitusgacor.xyz/assets/idnslot/55.jpg]
[rtpsitusgacor.xyz/assets/idnslot/66.jpg]
[rtpsitusgacor.xyz/assets/idnslot/67.jpg]
[rtpsitusgacor.xyz/assets/idnslot/68.jpg]
[rtpsitusgacor.xyz/assets/idnslot/69.jpg]
[rtpsitusgacor.xyz/assets/idnslot/70.jpg]
[rtpsitusgacor.xyz/assets/idnslot/71.jpg]
[rtpsitusgacor.xyz/assets/idnslot/72.jpg]
[rtpsitusgacor.xyz/assets/idnslot/73.jpg]
[rtpsitusgacor.xyz/assets/idnslot/74.jpg]
[rtpsitusgacor.xyz/assets/idnslot/75.jpg]
[rtpsitusgacor.xyz/assets/idnslot/76.jpg]
[rtpsitusgacor.xyz/assets/idnslot/77.jpg]
[rtpsitusgacor.xyz/assets/idnslot/78.jpg]
[rtpsitusgacor.xyz/assets/idnslot/79.jpg]
[rtpsitusgacor.xyz/assets/idnslot/80.jpg]
[rtpsitusgacor.xyz/idnslot.html]
[rtpsitusgacor.xyz/assets/SG/11.jpg]
[rtpsitusgacor.xyz/assets/SG/12.jpg]
[rtpsitusgacor.xyz/assets/SG/13.jpg]
[rtpsitusgacor.xyz/assets/SG/14.jpg]
[rtpsitusgacor.xyz/assets/SG/15.jpg]
[rtpsitusgacor.xyz/assets/SG/16.jpg]
[rtpsitusgacor.xyz/assets/SG/17.jpg]
[rtpsitusgacor.xyz/assets/SG/18.jpg]
[rtpsitusgacor.xyz/assets/SG/1.jpg]
[rtpsitusgacor.xyz/assets/SG/2.jpg]
[rtpsitusgacor.xyz/assets/SG/3.jpg]
[rtpsitusgacor.xyz/assets/SG/4.jpg]
[rtpsitusgacor.xyz/assets/SG/5.jpg]
[rtpsitusgacor.xyz/assets/SG/6.jpg]
[rtpsitusgacor.xyz/assets/SG/7.jpg]
[rtpsitusgacor.xyz/assets/SG/8.jpg]
[rtpsitusgacor.xyz/assets/SG/9.jpg]
[rtpsitusgacor.xyz/assets/SG/10.jpg]
[rtpsitusgacor.xyz/assets/SG/19.jpg]
[rtpsitusgacor.xyz/assets/SG/29.jpg]
[rtpsitusgacor.xyz/assets/SG/30.jpg]
[rtpsitusgacor.xyz/assets/SG/31.jpg]
[rtpsitusgacor.xyz/assets/SG/32.jpg]
[rtpsitusgacor.xyz/assets/SG/33.jpg]
[rtpsitusgacor.xyz/assets/SG/34.jpg]
[rtpsitusgacor.xyz/assets/SG/35.jpg]
[rtpsitusgacor.xyz/assets/SG/36.jpg]
[rtpsitusgacor.xyz/assets/SG/20.jpg]
[rtpsitusgacor.xyz/assets/SG/21.jpg]
[rtpsitusgacor.xyz/assets/SG/22.jpg]
[rtpsitusgacor.xyz/assets/SG/23.jpg]
[rtpsitusgacor.xyz/assets/SG/24.jpg]
[rtpsitusgacor.xyz/assets/SG/25.jpg]
[rtpsitusgacor.xyz/assets/SG/26.jpg]
[rtpsitusgacor.xyz/assets/SG/27.jpg]
[rtpsitusgacor.xyz/assets/SG/28.jpg]
[rtpsitusgacor.xyz/toptrend.html]
[rtpsitusgacor.xyz/wa.me/6281365168899.html]
[rtpsitusgacor.xyz/assets/bg-main.html]
[rtpsitusgacor.xyz/assets/isoftbet.html]
[rtpsitusgacor.xyz/assets/playstar.html]
[rtpsitusgacor.xyz/assets/logo-ttg.html]
[rtpsitusgacor.xyz/assets/redtiger.html]
[rtpsitusgacor.xyz/assets/simpleplay.html]
[rtpsitusgacor.xyz/assets/gameplay.html]
[rtpsitusgacor.xyz/assets/netent.html]
[rtpsitusgacor.xyz/assets/mannaplay.html]
[rtpsitusgacor.xyz/Live22.html]
[rtpsitusgacor.xyz/Slot88.html]
[rtpsitusgacor.xyz/Pgs.html]
[rtpsitusgacor.xyz/Joker.html]
[rtpsitusgacor.xyz/Advantplay.html]
[rtpsitusgacor.xyz/Spadegaming.html]
[rtpsitusgacor.xyz/Gamatron.html]
[rtpsitusgacor.xyz/JDB.html]
[rtpsitusgacor.xyz/Playtech.html]
[rtpsitusgacor.xyz/CQ9.html]
[rtpsitusgacor.xyz/Yggdrasil.html]
[rtpsitusgacor.xyz/Playngo.html]
[rtpsitusgacor.xyz/Onetouch.html]
[rtpsitusgacor.xyz/RTG.html]
[rtpsitusgacor.xyz/Flowgaming.html]
[rtpsitusgacor.xyz/Astrotech.html]
[rtpsitusgacor.xyz/nx-cdn.trgwl.com/Images/providers/HABANERO/SGLuckyDurian6b386b386b38.html]
[rtpsitusgacor.xyz/nx-cdn.trgwl.com/Images/providers/HABANERO/SGNewYearsBash6b386b386b38.html]
[rtpsitusgacor.xyz/nx-cdn.trgwl.com/Images/providers/HABANERO/SGProst6b386b386b38.html]
[rtpsitusgacor.xyz/nx-cdn.trgwl.com/Images/providers/HABANERO/SGNineTails6b386b386b38.html]
[rtpsitusgacor.xyz/nx-cdn.trgwl.com/Images/providers/HABANERO/SGMysticFortuneDeluxe6b386b386b38.html]
[rtpsitusgacor.xyz/nx-cdn.trgwl.com/Images/providers/HABANERO/SGCalaverasExplosivas6b386b386b38.html]
[rtpsitusgacor.xyz/nx-cdn.trgwl.com/Images/providers/HABANERO/SGMarvelousFurlongs6b386b386b38.html]
[rtpsitusgacor.xyz/nx-cdn.trgwl.com/Images/providers/HABANERO/SGReturnToTheFeature6b386b386b38.html]
[rtpsitusgacor.xyz/nx-cdn.trgwl.com/Images/providers/HABANERO/SGBeforeTimeRunsOut6b386b386b38.html]
[rtpsitusgacor.xyz/nx-cdn.trgwl.com/Images/providers/HABANERO/SGOrbsOfAtlantis6b386b386b38.html]
[rtpsitusgacor.xyz/nx-cdn.trgwl.com/Images/providers/HABANERO/SGTotemTowers6b386b386b38.html]
[rtpsitusgacor.xyz/nx-cdn.trgwl.com/Images/providers/HABANERO/SGChristmasGiftRush6b386b386b38.html]
[rtpsitusgacor.xyz/nx-cdn.trgwl.com/Images/providers/HABANERO/SGTabernaDeLosMuertosUltra6b386b386b38.html]
[rtpsitusgacor.xyz/nx-cdn.trgwl.com/Images/providers/HABANERO/SGTabernaDeLosMuertos6b386b386b38.html]
[rtpsitusgacor.xyz/nx-cdn.trgwl.com/Images/providers/HABANERO/SGHappyApe6b386b386b38.html]
[rtpsitusgacor.xyz/nx-cdn.trgwl.com/Images/providers/HABANERO/SGJellyFishFlowUltra6b386b386b38.html]
[rtpsitusgacor.xyz/nx-cdn.trgwl.com/Images/providers/HABANERO/SGJellyFishFlow6b386b386b38.html]
[rtpsitusgacor.xyz/nx-cdn.trgwl.com/Images/providers/HABANERO/SGWealthInn6b386b386b38.html]
[rtpsitusgacor.xyz/nx-cdn.trgwl.com/Images/providers/HABANERO/SGHeySushi6b386b386b38.html]
[rtpsitusgacor.xyz/nx-cdn.trgwl.com/Images/providers/HABANERO/SGScopa6b386b386b38.html]
[rtpsitusgacor.xyz/nx-cdn.trgwl.com/Images/providers/HABANERO/SGTechnoTumble6b386b386b38.html]
[rtpsitusgacor.xyz/nx-cdn.trgwl.com/Images/providers/HABANERO/SGLuckyFortuneCat6b386b386b38.html]
[rtpsitusgacor.xyz/nx-cdn.trgwl.com/Images/providers/HABANERO/SGKnockoutFootballRush6b386b386b38.html]
[rtpsitusgacor.xyz/nx-cdn.trgwl.com/Images/providers/HABANERO/SGLoonyBlox6b386b386b38.html]
[rtpsitusgacor.xyz/nx-cdn.trgwl.com/Images/providers/HABANERO/SGFaCaiShenDeluxe6b386b386b38.html]
[rtpsitusgacor.xyz/nx-cdn.trgwl.com/Images/providers/HABANERO/SGNaughtySanta6b386b386b38.html]
[rtpsitusgacor.xyz/nx-cdn.trgwl.com/Images/providers/HABANERO/SGWizardsWantWar6b386b386b38.html]
[rtpsitusgacor.xyz/nx-cdn.trgwl.com/Images/providers/HABANERO/SGColossalGems6b386b386b38.html]
[rtpsitusgacor.xyz/nx-cdn.trgwl.com/Images/providers/HABANERO/HB01656b386b386b38.html]
[rtpsitusgacor.xyz/nx-cdn.trgwl.com/Images/providers/HABANERO/HB01646b386b386b38.html]
[rtpsitusgacor.xyz/nx-cdn.trgwl.com/Images/providers/HABANERO/SGLuckyLucky6b386b386b38.html]
[rtpsitusgacor.xyz/nx-cdn.trgwl.com/Images/providers/HABANERO/HB01636b386b386b38.html]
[rtpsitusgacor.xyz/nx-cdn.trgwl.com/Images/providers/HABANERO/HB01626b386b386b38.html]
[rtpsitusgacor.xyz/nx-cdn.trgwl.com/Images/providers/HABANERO/HB01616b386b386b38.html]
[rtpsitusgacor.xyz/nx-cdn.trgwl.com/Images/providers/HABANERO/HB01606b386b386b38.html]
[rtpsitusgacor.xyz/nx-cdn.trgwl.com/Images/providers/HABANERO/HB01586b386b386b38.html]
[rtpsitusgacor.xyz/nx-cdn.trgwl.com/Images/providers/HABANERO/HB00336b386b386b38.html]
[rtpsitusgacor.xyz/nx-cdn.trgwl.com/Images/providers/HABANERO/HB01476b386b386b38.html]
[rtpsitusgacor.xyz/nx-cdn.trgwl.com/Images/providers/HABANERO/HB01466b386b386b38.html]
[rtpsitusgacor.xyz/nx-cdn.trgwl.com/Images/providers/HABANERO/HB01446b386b386b38.html]
[rtpsitusgacor.xyz/nx-cdn.trgwl.com/Images/providers/HABANERO/HB00136b386b386b38.html]
[rtpsitusgacor.xyz/nx-cdn.trgwl.com/Images/providers/HABANERO/HB00146b386b386b38.html]
[rtpsitusgacor.xyz/nx-cdn.trgwl.com/Images/providers/HABANERO/SGFly6b386b386b38.html]
[rtpsitusgacor.xyz/nx-cdn.trgwl.com/Images/providers/HABANERO/HB01386b386b386b38.html]
[rtpsitusgacor.xyz/nx-cdn.trgwl.com/Images/providers/HABANERO/SGCandyTower6b386b386b38.html]
[rtpsitusgacor.xyz/nx-cdn.trgwl.com/Images/providers/HABANERO/HB01596b386b386b38.html]
[rtpsitusgacor.xyz/nx-cdn.trgwl.com/Images/providers/HABANERO/SGHotHotHalloween6b386b386b38.html]
[rtpsitusgacor.xyz/nx-cdn.trgwl.com/Images/providers/HABANERO/SGLanternLuck6b386b386b38.html]
[rtpsitusgacor.xyz/nx-cdn.trgwl.com/Images/providers/HABANERO/HB01566b386b386b38.html]
[rtpsitusgacor.xyz/nx-cdn.trgwl.com/Images/providers/HABANERO/SGSparta6b386b386b38.html]
[rtpsitusgacor.xyz/nx-cdn.trgwl.com/Images/providers/HABANERO/SGGlamRock6b386b386b38.html]
[rtpsitusgacor.xyz/nx-cdn.trgwl.com/Images/providers/HABANERO/HB00406b386b386b38.html]
[rtpsitusgacor.xyz/nx-cdn.trgwl.com/Images/providers/HABANERO/HB01356b386b386b38.html]
[rtpsitusgacor.xyz/nx-cdn.trgwl.com/Images/providers/HABANERO/HB00476b386b386b38.html]
[rtpsitusgacor.xyz/nx-cdn.trgwl.com/Images/providers/HABANERO/HB01486b386b386b38.html]
[rtpsitusgacor.xyz/nx-cdn.trgwl.com/Images/providers/HABANERO/HB00096b386b386b38.html]
[rtpsitusgacor.xyz/nx-cdn.trgwl.com/Images/providers/HABANERO/HB00276b386b386b38.html]
[rtpsitusgacor.xyz/nx-cdn.trgwl.com/Images/providers/HABANERO/HB00286b386b386b38.html]
[rtpsitusgacor.xyz/nx-cdn.trgwl.com/Images/providers/HABANERO/HB00356b386b386b38.html]
[rtpsitusgacor.xyz/nx-cdn.trgwl.com/Images/providers/HABANERO/HB01436b386b386b38.html]
[rtpsitusgacor.xyz/nx-cdn.trgwl.com/Images/providers/HABANERO/HB00066b386b386b38.html]
[rtpsitusgacor.xyz/nx-cdn.trgwl.com/Images/providers/HABANERO/HB00226b386b386b38.html]
[rtpsitusgacor.xyz/nx-cdn.trgwl.com/Images/providers/HABANERO/HB00386b386b386b38.html]
[rtpsitusgacor.xyz/nx-cdn.trgwl.com/Images/providers/HABANERO/HB00446b386b386b38.html]
[rtpsitusgacor.xyz/nx-cdn.trgwl.com/Images/providers/HABANERO/HB00566b386b386b38.html]
[rtpsitusgacor.xyz/nx-cdn.trgwl.com/Images/providers/HABANERO/HB00216b386b386b38.html]
[rtpsitusgacor.xyz/nx-cdn.trgwl.com/Images/providers/HABANERO/HB00606b386b386b38.html]
[rtpsitusgacor.xyz/nx-cdn.trgwl.com/Images/providers/HABANERO/HB00186b386b386b38.html]
[rtpsitusgacor.xyz/nx-cdn.trgwl.com/Images/providers/HABANERO/HB01516b386b386b38.html]
[rtpsitusgacor.xyz/nx-cdn.trgwl.com/Images/providers/HABANERO/HB00656b386b386b38.html]
[rtpsitusgacor.xyz/nx-cdn.trgwl.com/Images/providers/HABANERO/HB00366b386b386b38.html]
[rtpsitusgacor.xyz/nx-cdn.trgwl.com/Images/providers/HABANERO/HB00416b386b386b38.html]
[rtpsitusgacor.xyz/nx-cdn.trgwl.com/Images/providers/HABANERO/HB00466b386b386b38.html]
[rtpsitusgacor.xyz/nx-cdn.trgwl.com/Images/providers/HABANERO/HB00586b386b386b38.html]
[rtpsitusgacor.xyz/nx-cdn.trgwl.com/Images/providers/HABANERO/HB00596b386b386b38.html]
[rtpsitusgacor.xyz/nx-cdn.trgwl.com/Images/providers/HABANERO/HB00036b386b386b38.html]
[rtpsitusgacor.xyz/nx-cdn.trgwl.com/Images/providers/HABANERO/HB00316b386b386b38.html]
[rtpsitusgacor.xyz/nx-cdn.trgwl.com/Images/providers/HABANERO/HB01426b386b386b38.html]
[rtpsitusgacor.xyz/nx-cdn.trgwl.com/Images/providers/HABANERO/HB00126b386b386b38.html]
[rtpsitusgacor.xyz/nx-cdn.trgwl.com/Images/providers/HABANERO/HB00176b386b386b38.html]
[rtpsitusgacor.xyz/nx-cdn.trgwl.com/Images/providers/HABANERO/HB00486b386b386b38.html]
[rtpsitusgacor.xyz/nx-cdn.trgwl.com/Images/providers/HABANERO/HB00026b386b386b38.html]
[rtpsitusgacor.xyz/nx-cdn.trgwl.com/Images/providers/HABANERO/HB00346b386b386b38.html]
[rtpsitusgacor.xyz/nx-cdn.trgwl.com/Images/providers/HABANERO/HB00396b386b386b38.html]
[rtpsitusgacor.xyz/nx-cdn.trgwl.com/Images/providers/HABANERO/HB00426b386b386b38.html]
[rtpsitusgacor.xyz/nx-cdn.trgwl.com/Images/providers/HABANERO/HB00616b386b386b38.html]
[rtpsitusgacor.xyz/nx-cdn.trgwl.com/Images/providers/HABANERO/HB00646b386b386b38.html]
[rtpsitusgacor.xyz/nx-cdn.trgwl.com/Images/providers/HABANERO/HB00016b386b386b38.html]
[rtpsitusgacor.xyz/nx-cdn.trgwl.com/Images/providers/HABANERO/HB00206b386b386b38.html]
[rtpsitusgacor.xyz/nx-cdn.trgwl.com/Images/providers/HABANERO/HB00576b386b386b38.html]
[rtpsitusgacor.xyz/nx-cdn.trgwl.com/Images/providers/HABANERO/HB00506b386b386b38.html]
[rtpsitusgacor.xyz/nx-cdn.trgwl.com/Images/providers/HABANERO/HB00266b386b386b38.html]
[rtpsitusgacor.xyz/nx-cdn.trgwl.com/Images/providers/HABANERO/HB00496b386b386b38.html]
[rtpsitusgacor.xyz/nx-cdn.trgwl.com/Images/providers/HABANERO/HB00376b386b386b38.html]
[rtpsitusgacor.xyz/nx-cdn.trgwl.com/Images/providers/HABANERO/HB00626b386b386b38.html]
[rtpsitusgacor.xyz/nx-cdn.trgwl.com/Images/providers/HABANERO/HB00696b386b386b38.html]
[rtpsitusgacor.xyz/nx-cdn.trgwl.com/Images/providers/HABANERO/HB00516b386b386b38.html]
[rtpsitusgacor.xyz/nx-cdn.trgwl.com/Images/providers/HABANERO/HB00666b386b386b38.html]
[rtpsitusgacor.xyz/nx-cdn.trgwl.com/Images/providers/HABANERO/HB00686b386b386b38.html]
[rtpsitusgacor.xyz/nx-cdn.trgwl.com/Images/providers/HABANERO/HB00716b386b386b38.html]
[rtpsitusgacor.xyz/nx-cdn.trgwl.com/Images/providers/HABANERO/HB01366b386b386b38.html]
[rtpsitusgacor.xyz/nx-cdn.trgwl.com/Images/providers/HABANERO/HB00326b386b386b38.html]
[rtpsitusgacor.xyz/nx-cdn.trgwl.com/Images/providers/HABANERO/HB00236b386b386b38.html]
[rtpsitusgacor.xyz/nx-cdn.trgwl.com/Images/providers/HABANERO/HB00556b386b386b38.html]
[rtpsitusgacor.xyz/nx-cdn.trgwl.com/Images/providers/HABANERO/HB00246b386b386b38.html]
[rtpsitusgacor.xyz/nx-cdn.trgwl.com/Images/providers/HABANERO/HB00106b386b386b38.html]
[rtpsitusgacor.xyz/nx-cdn.trgwl.com/Images/providers/HABANERO/HB01496b386b386b38.html]
[rtpsitusgacor.xyz/nx-cdn.trgwl.com/Images/providers/HABANERO/HB00296b386b386b38.html]
[rtpsitusgacor.xyz/nx-cdn.trgwl.com/Images/providers/HABANERO/HB00306b386b386b38.html]
[rtpsitusgacor.xyz/nx-cdn.trgwl.com/Images/providers/HABANERO/HB00546b386b386b38.html]
[rtpsitusgacor.xyz/nx-cdn.trgwl.com/Images/providers/HABANERO/HB00256b386b386b38.html]
[rtpsitusgacor.xyz/nx-cdn.trgwl.com/Images/providers/HABANERO/HB00076b386b386b38.html]
[rtpsitusgacor.xyz/nx-cdn.trgwl.com/Images/providers/HABANERO/HB00116b386b386b38.html]
[rtpsitusgacor.xyz/nx-cdn.trgwl.com/Images/providers/HABANERO/HB00156b386b386b38.html]
[rtpsitusgacor.xyz/nx-cdn.trgwl.com/Images/providers/HABANERO/HB00166b386b386b38.html]
[rtpsitusgacor.xyz/nx-cdn.trgwl.com/Images/providers/HABANERO/HB01376b386b386b38.html]
[rtpsitusgacor.xyz/nx-cdn.trgwl.com/Images/providers/HABANERO/HB00086b386b386b38.html]
[rtpsitusgacor.xyz/nx-cdn.trgwl.com/Images/providers/HABANERO/HB00536b386b386b38.html]
[rtpsitusgacor.xyz/nx-cdn.trgwl.com/Images/providers/HABANERO/HB00676b386b386b38.html]
[rtpsitusgacor.xyz/nx-cdn.trgwl.com/Images/providers/HABANERO/HB00436b386b386b38.html]
[rtpsitusgacor.xyz/nx-cdn.trgwl.com/Images/providers/HABANERO/HB00456b386b386b38.html]
[rtpsitusgacor.xyz/nx-cdn.trgwl.com/Images/providers/HABANERO/HB00526b386b386b38.html]
[rtpsitusgacor.xyz/nx-cdn.trgwl.com/Images/providers/HABANERO/HB00636b386b386b38.html]
[rtpsitusgacor.xyz/nx-cdn.trgwl.com/Images/providers/HABANERO/HB00706b386b386b38.html]
[rtpsitusgacor.xyz/nx-cdn.trgwl.com/Images/providers/HABANERO/HB01416b386b386b38.html]
[rtpsitusgacor.xyz/nx-cdn.trgwl.com/Images/providers/HABANERO/HB01456b386b386b38.html]
[rtpsitusgacor.xyz/nx-cdn.trgwl.com/Images/providers/HABANERO/HB01546b386b386b38.html]
[rtpsitusgacor.xyz/nx-cdn.trgwl.com/Images/providers/HABANERO/HB00046b386b386b38.html]
[rtpsitusgacor.xyz/nx-cdn.trgwl.com/Images/providers/HABANERO/HB00196b386b386b38.html]
[rtpsitusgacor.xyz/nx-cdn.trgwl.com/Images/providers/HABANERO/HB01536b386b386b38.html]
[rtpsitusgacor.xyz/nx-cdn.trgwl.com/Images/providers/HABANERO/HB01396b386b386b38.html]
[rtpsitusgacor.xyz/cdn.livechatinc.com/tracking.html]
[rtpsitusgacor.xyz/js/slot.html]
